literal: 'a'
literal: 'b'
literal: 'c'
literal: 'a'
literal: 'b'
literal: 'c'
literal: 'a'
literal: 'b'
literal: 'c'
literal: 'a'
literal: 'b'
literal: 'c'
literal: 'a'
literal: 'b'
literal: 'c'
literal: 'a'
literal: 'b'
literal: 'c'
literal: 'a'
literal: 'b'
literal: 'c'
literal: 'a'
literal: 'b'
literal: 'c'
literal: 'a'
literal: 'b'
literal: 'c'
literal: 'a'
literal: 'b'
literal: 'c'
literal: 'a'
literal: 'b'
literal: 'c'
>strftime: (when=0, fmt=xyz)
literal: 'a'
literal: 'b'
literal: 'c'
literal: 'a'
literal: 'b'
literal: 'c'
literal: 'a'
literal: 'b'
literal: 'c'
literal: 'a'
literal: 'b'
literal: 'c'
literal: 'a'
literal: 'b'
literal: 'c'
literal: 'a'
literal: 'b'
literal: 'c'
literal: 'a'
literal: 'b'
literal: 'c'
literal: 'a'
literal: 'b'
literal: 'c'
literal: 'a'
literal: 'b'
literal: 'c'
literal: 'a'
literal: 'b'
literal: 'c'
literal: 'a'
literal: 'b'
literal: 'c'
literal: 'a'
literal: 'b'
literal: 'c'
literal: 'a'
literal: 'b'
literal: 'c'
literal: 'a'
literal: 'b'
literal: 'c'
literal: 'a'
literal: 'b'
literal: 'c'
literal: 'a'
literal: 'b'
literal: 'c'
literal: 'a'
literal: 'b'
literal: 'c'
literal: 'a'
literal: 'b'
literal: 'c'
literal: 'a'
literal: 'b'
literal: 'c'
literal: 'a'
literal: 'b'
literal: 'c'
literal: 'a'
literal: 'b'
literal: 'c'
